 :  : Ashock Accelerator  RockPop 12oz
['Ashock', 'Accelerator', '', 'RockPop', '12oz']
|Ashock |
|Ashock Accelerator |
|Ashock Accelerator 
RockPop |
|Ashock Accelerator 
RockPop 12oz|
Ashock Accelerator 
RockPop 12oz

 :  : Ashock Accelerator  Cherry IcePop 12oz
['Ashock', 'Accelerator', '', 'Cherry', 'IcePop', '12oz']
|Ashock |
|Ashock Accelerator |
|Ashock Accelerator 
Cherry |
|Ashock Accelerator 
Cherry 
IcePop |
|Ashock Accelerator 
Cherry 
IcePop 12oz|
Ashock Accelerator 
Cherry 
IcePop 12oz

 :  : Ashock Accelerator  Island Guava 12oz
['Ashock', 'Accelerator', '', 'Island', 'Guava', '12oz']
|Ashock |
|Ashock Accelerator |
|Ashock Accelerator 
Island |
|Ashock Accelerator 
Island 
Guava |
|Ashock Accelerator 
Island 
Guava 12oz|
Ashock Accelerator 
Island 
Guava 12oz

 :  : Ashock Accelerator  Peach Paradise 12oz
['Ashock', 'Accelerator', '', 'Peach', 'Paradise', '12oz']
|Ashock |
|Ashock Accelerator |
|Ashock Accelerator Peach |
|Ashock Accelerator Peach 
Paradise |
|Ashock Accelerator Peach 
Paradise 12oz|
Ashock Accelerator Peach 
Paradise 12oz

 :  : Ashock Accelerator  Tropical Punch 12oz
['Ashock', 'Accelerator', '', 'Tropical', 'Punch', '12oz']
|Ashock |
|Ashock Accelerator |
|Ashock Accelerator 
Tropical |
|Ashock Accelerator 
Tropical 
Punch |
|Ashock Accelerator 
Tropical 
Punch 12oz|
Ashock Accelerator 
Tropical 
Punch 12oz

 :  : Ashock Accelerator  Cherry Lime 12oz
['Ashock', 'Accelerator', '', 'Cherry', 'Lime', '12oz']
|Ashock |
|Ashock Accelerator |
|Ashock Accelerator 
Cherry |
|Ashock Accelerator 
Cherry 
Lime |
|Ashock Accelerator 
Cherry 
Lime 12oz|
Ashock Accelerator 
Cherry 
Lime 12oz

 :  : Ashock Accelerator  Berry Lemonade 12oz
['Ashock', 'Accelerator', '', 'Berry', 'Lemonade', '12oz']
|Ashock |
|Ashock Accelerator |
|Ashock Accelerator Berry |
|Ashock Accelerator Berry 
Lemonade |
|Ashock Accelerator Berry 
Lemonade 12oz|
Ashock Accelerator Berry 
Lemonade 12oz

 :  : Snapple Peach Tea  32oz
['Snapple', 'Peach', 'Tea', '', '32oz']
|Snapple |
|Snapple Peach |
|Snapple Peach Tea |
|Snapple Peach Tea 32oz|
Snapple Peach Tea 32oz

 :  : Snapple Apple 32oz
['Snapple', 'Apple', '32oz']
|Snapple |
|Snapple Apple |
|Snapple Apple 32oz|
Snapple Apple 32oz

 :  : Snapple Kiwi/  Strawberry 32oz
['Snapple', 'Kiwi/', '', 'Strawberry', '32oz']
|Snapple |
|Snapple Kiwi/ |
|Snapple Kiwi/ Strawberry |
|Snapple Kiwi/ Strawberry 
32oz|
Snapple Kiwi/ Strawberry 
32oz

 :  : Snapple Mango  Madness 32oz
['Snapple', 'Mango', '', 'Madness', '32oz']
|Snapple |
|Snapple Mango |
|Snapple Mango Madness |
|Snapple Mango Madness 
32oz|
Snapple Mango Madness 
32oz

 :  : Qtea Unsweet Peach  Mango
['Qtea', 'Unsweet', 'Peach', '', 'Mango']
|Qtea |
|Qtea Unsweet |
|Qtea Unsweet Peach |
|Qtea Unsweet Peach Mango|
Qtea Unsweet Peach Mango

 :  : Qtea Zero Cal
['Qtea', 'Zero', 'Cal']
|Qtea |
|Qtea Zero |
|Qtea Zero Cal|
Qtea Zero Cal

 :  : Qtea Sweet w/ Lemon
['Qtea', 'Sweet', 'w/', 'Lemon']
|Qtea |
|Qtea Sweet |
|Qtea Sweet w/ |
|Qtea Sweet w/ Lemon|
Qtea Sweet w/ Lemon

 :  : Qtea Lemonade
['Qtea', 'Lemonade']
|Qtea |
|Qtea Lemonade|
Qtea Lemonade

 :  : Qtea Sweet w/  Raspberry
['Qtea', 'Sweet', 'w/', '', 'Raspberry']
|Qtea |
|Qtea Sweet |
|Qtea Sweet w/ |
|Qtea Sweet w/ Raspberry|
Qtea Sweet w/ Raspberry

 :  : Qtea Black w/ Mango
['Qtea', 'Black', 'w/', 'Mango']
|Qtea |
|Qtea Black |
|Qtea Black w/ |
|Qtea Black w/ Mango|
Qtea Black w/ Mango

 :  : Qtea Black Sweet
['Qtea', 'Black', 'Sweet']
|Qtea |
|Qtea Black |
|Qtea Black Sweet|
Qtea Black Sweet

 :  : Luzianne Sweet Tea
['Luzianne', 'Sweet', 'Tea']
|Luzianne |
|Luzianne Sweet |
|Luzianne Sweet Tea|
Luzianne Sweet Tea

 :  : Luzianne Peach Tea
['Luzianne', 'Peach', 'Tea']
|Luzianne |
|Luzianne Peach |
|Luzianne Peach Tea|
Luzianne Peach Tea

 :  : Liquid Death Arnold  Palmer
['Liquid', 'Death', 'Arnold', '', 'Palmer']
|Liquid |
|Liquid Death |
|Liquid Death Arnold |
|Liquid Death Arnold 
Palmer|
Liquid Death Arnold 
Palmer

 :  : Liquid Death Peach
['Liquid', 'Death', 'Peach']
|Liquid |
|Liquid Death |
|Liquid Death Peach|
Liquid Death Peach

 :  : Liquid Death Grim  Leaf
['Liquid', 'Death', 'Grim', '', 'Leaf']
|Liquid |
|Liquid Death |
|Liquid Death Grim |
|Liquid Death Grim Leaf|
Liquid Death Grim Leaf

 :  : Sparkling Ice Blue  Rasp
['Sparkling', 'Ice', 'Blue', '', 'Rasp']
|Sparkling |
|Sparkling Ice |
|Sparkling Ice Blue |
|Sparkling Ice Blue Rasp|
Sparkling Ice Blue Rasp

 :  : Sparkling Ice Straw  Citrus
['Sparkling', 'Ice', 'Straw', '', 'Citrus']
|Sparkling |
|Sparkling Ice |
|Sparkling Ice Straw |
|Sparkling Ice Straw 
Citrus|
Sparkling Ice Straw 
Citrus

 :  : Sparkling Ice Black  Rasp
['Sparkling', 'Ice', 'Black', '', 'Rasp']
|Sparkling |
|Sparkling Ice |
|Sparkling Ice Black |
|Sparkling Ice Black Rasp|
Sparkling Ice Black Rasp

 :  : Sparkling Ice  Cherry Vanilla
['Sparkling', 'Ice', '', 'Cherry', 'Vanilla']
|Sparkling |
|Sparkling Ice |
|Sparkling Ice Cherry |
|Sparkling Ice Cherry 
Vanilla|
Sparkling Ice Cherry 
Vanilla

 :  : Sparkling Ice  Tropical
['Sparkling', 'Ice', '', 'Tropical']
|Sparkling |
|Sparkling Ice |
|Sparkling Ice Tropical|
Sparkling Ice Tropical

 :  : Gold Peak Sweet
['Gold', 'Peak', 'Sweet']
|Gold |
|Gold Peak |
|Gold Peak Sweet|
Gold Peak Sweet

 :  : Gold Peak Unsweet
['Gold', 'Peak', 'Unsweet']
|Gold |
|Gold Peak |
|Gold Peak Unsweet|
Gold Peak Unsweet

 :  : Gold Peak Green
['Gold', 'Peak', 'Green']
|Gold |
|Gold Peak |
|Gold Peak Green|
Gold Peak Green

 :  : Gold Peak Peach
['Gold', 'Peak', 'Peach']
|Gold |
|Gold Peak |
|Gold Peak Peach|
Gold Peak Peach

 :  : Arizona Green
['Arizona', 'Green']
|Arizona |
|Arizona Green|
Arizona Green

 :  : Arizona Mango
['Arizona', 'Mango']
|Arizona |
|Arizona Mango|
Arizona Mango

 :  : Arizona Watermelon
['Arizona', 'Watermelon']
|Arizona |
|Arizona Watermelon|
Arizona Watermelon

 :  : Arizona Arnold  Palmer
['Arizona', 'Arnold', '', 'Palmer']
|Arizona |
|Arizona Arnold |
|Arizona Arnold Palmer|
Arizona Arnold Palmer

 :  : Arizona Sweet Tea
['Arizona', 'Sweet', 'Tea']
|Arizona |
|Arizona Sweet |
|Arizona Sweet Tea|
Arizona Sweet Tea

 :  : Peace Razzleberry
['Peace', 'Razzleberry']
|Peace |
|Peace Razzleberry|
Peace Razzleberry

 :  : Peace Caddy Shack
['Peace', 'Caddy', 'Shack']
|Peace |
|Peace Caddy |
|Peace Caddy Shack|
Peace Caddy Shack

 :  : Peace Peachy
['Peace', 'Peachy']
|Peace |
|Peace Peachy|
Peace Peachy

 :  : Pure Leaf Sweet
['Pure', 'Leaf', 'Sweet']
|Pure |
|Pure Leaf |
|Pure Leaf Sweet|
Pure Leaf Sweet

 :  : Pure Leaf Extra  Sweet
['Pure', 'Leaf', 'Extra', '', 'Sweet']
|Pure |
|Pure Leaf |
|Pure Leaf Extra |
|Pure Leaf Extra Sweet|
Pure Leaf Extra Sweet

 :  : Pure Leaf Unsweet
['Pure', 'Leaf', 'Unsweet']
|Pure |
|Pure Leaf |
|Pure Leaf Unsweet|
Pure Leaf Unsweet

 :  : Pure Leaf Lemon
['Pure', 'Leaf', 'Lemon']
|Pure |
|Pure Leaf |
|Pure Leaf Lemon|
Pure Leaf Lemon

 :  : Lipton Green Citrus
['Lipton', 'Green', 'Citrus']
|Lipton |
|Lipton Green |
|Lipton Green Citrus|
Lipton Green Citrus

 :  : Lipton Peach
['Lipton', 'Peach']
|Lipton |
|Lipton Peach|
Lipton Peach

 :  : Lipton Green Citrus  Dt
['Lipton', 'Green', 'Citrus', '', 'Dt']
|Lipton |
|Lipton Green |
|Lipton Green Citrus |
|Lipton Green Citrus Dt|
Lipton Green Citrus Dt

 :  : Snapple Peach 16oz
['Snapple', 'Peach', '16oz']
|Snapple |
|Snapple Peach |
|Snapple Peach 16oz|
Snapple Peach 16oz

 :  : Snapple Kiwi/  Strawberry 16oz
['Snapple', 'Kiwi/', '', 'Strawberry', '16oz']
|Snapple |
|Snapple Kiwi/ |
|Snapple Kiwi/ Strawberry |
|Snapple Kiwi/ Strawberry 
16oz|
Snapple Kiwi/ Strawberry 
16oz

 :  : Snapple Fruit Punch  16oz
['Snapple', 'Fruit', 'Punch', '', '16oz']
|Snapple |
|Snapple Fruit |
|Snapple Fruit Punch |
|Snapple Fruit Punch 16oz|
Snapple Fruit Punch 16oz

 :  : Jarritos Mineragua
['Jarritos', 'Mineragua']
|Jarritos |
|Jarritos Mineragua|
Jarritos Mineragua

 :  : Jarritos Sangria
['Jarritos', 'Sangria']
|Jarritos |
|Jarritos Sangria|
Jarritos Sangria

 :  : Jarritos Manzania
['Jarritos', 'Manzania']
|Jarritos |
|Jarritos Manzania|
Jarritos Manzania

 :  : Jarritos Manderin
['Jarritos', 'Manderin']
|Jarritos |
|Jarritos Manderin|
Jarritos Manderin

 :  : Jarritos Strawberry
['Jarritos', 'Strawberry']
|Jarritos |
|Jarritos Strawberry|
Jarritos Strawberry

 :  : Jarrritos Pineapple
['Jarrritos', 'Pineapple']
|Jarrritos |
|Jarrritos Pineapple|
Jarrritos Pineapple

 :  : Brisk Sweet
['Brisk', 'Sweet']
|Brisk |
|Brisk Sweet|
Brisk Sweet

 :  : Brisk Strawberry  Melon
['Brisk', 'Strawberry', '', 'Melon']
|Brisk |
|Brisk Strawberry |
|Brisk Strawberry Melon|
Brisk Strawberry Melon

 :  : Brisk Raspberry
['Brisk', 'Raspberry']
|Brisk |
|Brisk Raspberry|
Brisk Raspberry

 :  : Brisk Green w/  Peach
['Brisk', 'Green', 'w/', '', 'Peach']
|Brisk |
|Brisk Green |
|Brisk Green w/ |
|Brisk Green w/ Peach|
Brisk Green w/ Peach

 :  : Brisk Sweet w/  Lemon
['Brisk', 'Sweet', 'w/', '', 'Lemon']
|Brisk |
|Brisk Sweet |
|Brisk Sweet w/ |
|Brisk Sweet w/ Lemon|
Brisk Sweet w/ Lemon

 :  : Vitamin Water  Energy 20oz
['Vitamin', 'Water', '', 'Energy', '20oz']
|Vitamin |
|Vitamin Water |
|Vitamin Water Energy |
|Vitamin Water Energy 
20oz|
Vitamin Water Energy 
20oz

 :  : Vitamin Water Power  C 20oz
['Vitamin', 'Water', 'Power', '', 'C', '20oz']
|Vitamin |
|Vitamin Water |
|Vitamin Water Power |
|Vitamin Water Power C |
|Vitamin Water Power C 
20oz|
Vitamin Water Power C 
20oz

 :  : Vitamin Water XXX  20oz
['Vitamin', 'Water', 'XXX', '', '20oz']
|Vitamin |
|Vitamin Water |
|Vitamin Water XXX |
|Vitamin Water XXX 20oz|
Vitamin Water XXX 20oz

 :  : Vitamin Water  Refresh 20oz
['Vitamin', 'Water', '', 'Refresh', '20oz']
|Vitamin |
|Vitamin Water |
|Vitamin Water Refresh |
|Vitamin Water Refresh 
20oz|
Vitamin Water Refresh 
20oz

 :  : Vitamin Water  Essential 20oz
['Vitamin', 'Water', '', 'Essential', '20oz']
|Vitamin |
|Vitamin Water |
|Vitamin Water Essential |
|Vitamin Water Essential 
20oz|
Vitamin Water Essential 
20oz

 :  : Vitamin Water XXX  Zero 20oz
['Vitamin', 'Water', 'XXX', '', 'Zero', '20oz']
|Vitamin |
|Vitamin Water |
|Vitamin Water XXX |
|Vitamin Water XXX Zero |
|Vitamin Water XXX Zero 
20oz|
Vitamin Water XXX Zero 
20oz

 :  : Vitamin Water Gutzy  Zero 20oz
['Vitamin', 'Water', 'Gutzy', '', 'Zero', '20oz']
|Vitamin |
|Vitamin Water |
|Vitamin Water Gutzy |
|Vitamin Water Gutzy Zero |
|Vitamin Water Gutzy Zero 
20oz|
Vitamin Water Gutzy Zero 
20oz

 :  : Vitamin Water  Forever Zero 20oz
['Vitamin', 'Water', '', 'Forever', 'Zero', '20oz']
|Vitamin |
|Vitamin Water |
|Vitamin Water Forever |
|Vitamin Water Forever 
Zero |
|Vitamin Water Forever 
Zero 20oz|
Vitamin Water Forever 
Zero 20oz

 :  : Powerade Mountain  Blast 20oz
['Powerade', 'Mountain', '', 'Blast', '20oz']
|Powerade |
|Powerade Mountain |
|Powerade Mountain Blast |
|Powerade Mountain Blast 
20oz|
Powerade Mountain Blast 
20oz

 :  : Powerade Fruit  Punch 20oz
['Powerade', 'Fruit', '', 'Punch', '20oz']
|Powerade |
|Powerade Fruit |
|Powerade Fruit Punch |
|Powerade Fruit Punch 
20oz|
Powerade Fruit Punch 
20oz

 :  : Powerade Mountain  Blast 28oz
['Powerade', 'Mountain', '', 'Blast', '28oz']
|Powerade |
|Powerade Mountain |
|Powerade Mountain Blast |
|Powerade Mountain Blast 
28oz|
Powerade Mountain Blast 
28oz

 :  : Powerade Fruit  Punch 28oz
['Powerade', 'Fruit', '', 'Punch', '28oz']
|Powerade |
|Powerade Fruit |
|Powerade Fruit Punch |
|Powerade Fruit Punch 
28oz|
Powerade Fruit Punch 
28oz

 :  : Powerade Grape 28oz
['Powerade', 'Grape', '28oz']
|Powerade |
|Powerade Grape |
|Powerade Grape 28oz|
Powerade Grape 28oz

 :  : Powerade Lemon Lime  28oz
['Powerade', 'Lemon', 'Lime', '', '28oz']
|Powerade |
|Powerade Lemon |
|Powerade Lemon Lime |
|Powerade Lemon Lime 28oz|
Powerade Lemon Lime 28oz

 :  : Powerade Island  Burst 28oz
['Powerade', 'Island', '', 'Burst', '28oz']
|Powerade |
|Powerade Island |
|Powerade Island Burst |
|Powerade Island Burst 
28oz|
Powerade Island Burst 
28oz

 :  : Powerade Orange  28oz
['Powerade', 'Orange', '', '28oz']
|Powerade |
|Powerade Orange |
|Powerade Orange 28oz|
Powerade Orange 28oz

 :  : Powerade Strawberry  Lemon 28oz
['Powerade', 'Strawberry', '', 'Lemon', '28oz']
|Powerade |
|Powerade Strawberry |
|Powerade Strawberry 
Lemon |
|Powerade Strawberry 
Lemon 28oz|
Powerade Strawberry 
Lemon 28oz

 :  : Powerade Mixed  Berry Zero 28oz
['Powerade', 'Mixed', '', 'Berry', 'Zero', '28oz']
|Powerade |
|Powerade Mixed |
|Powerade Mixed Berry |
|Powerade Mixed Berry 
Zero |
|Powerade Mixed Berry 
Zero 28oz|
Powerade Mixed Berry 
Zero 28oz

 :  : Powerade Strawberry  Smash Zero 28oz
['Powerade', 'Strawberry', '', 'Smash', 'Zero', '28oz']
|Powerade |
|Powerade Strawberry |
|Powerade Strawberry 
Smash |
|Powerade Strawberry 
Smash 
Zero |
|Powerade Strawberry 
Smash 
Zero 28oz|
Powerade Strawberry 
Smash 
Zero 28oz

 :  : Powerade Grape Zero  28oz
['Powerade', 'Grape', 'Zero', '', '28oz']
|Powerade |
|Powerade Grape |
|Powerade Grape Zero |
|Powerade Grape Zero 28oz|
Powerade Grape Zero 28oz

 :  : Body Armor Flash  Straw/ Kiwi 20oz
['Body', 'Armor', 'Flash', '', 'Straw/', 'Kiwi', '20oz']
|Body |
|Body Armor |
|Body Armor Flash |
|Body Armor Flash Straw/ |
|Body Armor Flash Straw/ 
Kiwi |
|Body Armor Flash Straw/ 
Kiwi 20oz|
Body Armor Flash Straw/ 
Kiwi 20oz

 :  : Body Armor Flash  Tropical 20oz
['Body', 'Armor', 'Flash', '', 'Tropical', '20oz']
|Body |
|Body Armor |
|Body Armor Flash |
|Body Armor Flash 
Tropical |
|Body Armor Flash 
Tropical 20oz|
Body Armor Flash 
Tropical 20oz

 :  : Body Armor Flash  Grape 20oz
['Body', 'Armor', 'Flash', '', 'Grape', '20oz']
|Body |
|Body Armor |
|Body Armor Flash |
|Body Armor Flash Grape |
|Body Armor Flash Grape 
20oz|
Body Armor Flash Grape 
20oz

 :  : Body Armor Flash  Orange 20oz
['Body', 'Armor', 'Flash', '', 'Orange', '20oz']
|Body |
|Body Armor |
|Body Armor Flash |
|Body Armor Flash Orange |
|Body Armor Flash Orange 
20oz|
Body Armor Flash Orange 
20oz

 :  : Body Armor Straw  Banana 16oz
['Body', 'Armor', 'Straw', '', 'Banana', '16oz']
|Body |
|Body Armor |
|Body Armor Straw |
|Body Armor Straw Banana |
|Body Armor Straw Banana 
16oz|
Body Armor Straw Banana 
16oz

 :  : Body Armor Orange  Mango 16oz
['Body', 'Armor', 'Orange', '', 'Mango', '16oz']
|Body |
|Body Armor |
|Body Armor Orange |
|Body Armor Orange Mango |
|Body Armor Orange Mango 
16oz|
Body Armor Orange Mango 
16oz

 :  : Body Armor Fruit  Punch 16oz
['Body', 'Armor', 'Fruit', '', 'Punch', '16oz']
|Body |
|Body Armor |
|Body Armor Fruit |
|Body Armor Fruit Punch |
|Body Armor Fruit Punch 
16oz|
Body Armor Fruit Punch 
16oz

 :  : Body Armor Lemon  Lime Lt 28oz
['Body', 'Armor', 'Lemon', '', 'Lime', 'Lt', '28oz']
|Body |
|Body Armor |
|Body Armor Lemon |
|Body Armor Lemon Lime |
|Body Armor Lemon Lime Lt |
|Body Armor Lemon Lime Lt 
28oz|
Body Armor Lemon Lime Lt 
28oz

 :  : Body Armor Fruit  Punch Zero 28oz
['Body', 'Armor', 'Fruit', '', 'Punch', 'Zero', '28oz']
|Body |
|Body Armor |
|Body Armor Fruit |
|Body Armor Fruit Punch |
|Body Armor Fruit Punch 
Zero |
|Body Armor Fruit Punch 
Zero 28oz|
Body Armor Fruit Punch 
Zero 28oz

 :  : Body Armor Orange  Zero 28oz
['Body', 'Armor', 'Orange', '', 'Zero', '28oz']
|Body |
|Body Armor |
|Body Armor Orange |
|Body Armor Orange Zero |
|Body Armor Orange Zero 
28oz|
Body Armor Orange Zero 
28oz

 :  : Body Armor Peach  Mango Lt 28oz
['Body', 'Armor', 'Peach', '', 'Mango', 'Lt', '28oz']
|Body |
|Body Armor |
|Body Armor Peach |
|Body Armor Peach Mango |
|Body Armor Peach Mango 
Lt |
|Body Armor Peach Mango 
Lt 28oz|
Body Armor Peach Mango 
Lt 28oz

 :  : Body Armor Straw  Banana 28oz
['Body', 'Armor', 'Straw', '', 'Banana', '28oz']
|Body |
|Body Armor |
|Body Armor Straw |
|Body Armor Straw Banana |
|Body Armor Straw Banana 
28oz|
Body Armor Straw Banana 
28oz

 :  : Body Armor Fruit  Punch 28oz
['Body', 'Armor', 'Fruit', '', 'Punch', '28oz']
|Body |
|Body Armor |
|Body Armor Fruit |
|Body Armor Fruit Punch |
|Body Armor Fruit Punch 
28oz|
Body Armor Fruit Punch 
28oz

 :  : Body Armor Orange  Mango 28oz
['Body', 'Armor', 'Orange', '', 'Mango', '28oz']
|Body |
|Body Armor |
|Body Armor Orange |
|Body Armor Orange Mango |
|Body Armor Orange Mango 
28oz|
Body Armor Orange Mango 
28oz

 :  : Body Armor Passion  Fruit 28oz
['Body', 'Armor', 'Passion', '', 'Fruit', '28oz']
|Body |
|Body Armor |
|Body Armor Passion |
|Body Armor Passion Fruit |
|Body Armor Passion Fruit 
28oz|
Body Armor Passion Fruit 
28oz

 :  : Body Armor Cherry  Lime 28oz
['Body', 'Armor', 'Cherry', '', 'Lime', '28oz']
|Body |
|Body Armor |
|Body Armor Cherry |
|Body Armor Cherry Lime |
|Body Armor Cherry Lime 
28oz|
Body Armor Cherry Lime 
28oz

 :  : Body Armor Tropical  28oz
['Body', 'Armor', 'Tropical', '', '28oz']
|Body |
|Body Armor |
|Body Armor Tropical |
|Body Armor Tropical 28oz|
Body Armor Tropical 28oz

 :  : Body Armor  Strawberry Grape 28oz
['Body', 'Armor', '', 'Strawberry', 'Grape', '28oz']
|Body |
|Body Armor |
|Body Armor Strawberry |
|Body Armor Strawberry 
Grape |
|Body Armor Strawberry 
Grape 28oz|
Body Armor Strawberry 
Grape 28oz

 :  : Body Armor Blue  Raspberry 28oz
['Body', 'Armor', 'Blue', '', 'Raspberry', '28oz']
|Body |
|Body Armor |
|Body Armor Blue |
|Body Armor Blue 
Raspberry |
|Body Armor Blue 
Raspberry 28oz|
Body Armor Blue 
Raspberry 28oz

 :  : Body Armor Blackout  Berry 28oz
['Body', 'Armor', 'Blackout', '', 'Berry', '28oz']
|Body |
|Body Armor |
|Body Armor Blackout |
|Body Armor Blackout 
Berry |
|Body Armor Blackout 
Berry 28oz|
Body Armor Blackout 
Berry 28oz

 :  : Vitamin Water XXX  32oz
['Vitamin', 'Water', 'XXX', '', '32oz']
|Vitamin |
|Vitamin Water |
|Vitamin Water XXX |
|Vitamin Water XXX 32oz|
Vitamin Water XXX 32oz

 :  : Vitamin Water  Refresh 32oz
['Vitamin', 'Water', '', 'Refresh', '32oz']
|Vitamin |
|Vitamin Water |
|Vitamin Water Refresh |
|Vitamin Water Refresh 
32oz|
Vitamin Water Refresh 
32oz

 :  : Vitamin Water Power  C 32oz
['Vitamin', 'Water', 'Power', '', 'C', '32oz']
|Vitamin |
|Vitamin Water |
|Vitamin Water Power |
|Vitamin Water Power C |
|Vitamin Water Power C 
32oz|
Vitamin Water Power C 
32oz

 :  : Vitamin Water  Energy 32oz
['Vitamin', 'Water', '', 'Energy', '32oz']
|Vitamin |
|Vitamin Water |
|Vitamin Water Energy |
|Vitamin Water Energy 
32oz|
Vitamin Water Energy 
32oz

 :  : Gatorade Cool Blue  20oz
['Gatorade', 'Cool', 'Blue', '', '20oz']
|Gatorade |
|Gatorade Cool |
|Gatorade Cool Blue |
|Gatorade Cool Blue 20oz|
Gatorade Cool Blue 20oz

 :  : Gatorade Fruit  Punch 20oz
['Gatorade', 'Fruit', '', 'Punch', '20oz']
|Gatorade |
|Gatorade Fruit |
|Gatorade Fruit Punch |
|Gatorade Fruit Punch 
20oz|
Gatorade Fruit Punch 
20oz

 :  : Gatorade Lemon Lime  20oz
['Gatorade', 'Lemon', 'Lime', '', '20oz']
|Gatorade |
|Gatorade Lemon |
|Gatorade Lemon Lime |
|Gatorade Lemon Lime 20oz|
Gatorade Lemon Lime 20oz

 :  : Gatorlyte Orange  20oz
['Gatorlyte', 'Orange', '', '20oz']
|Gatorlyte |
|Gatorlyte Orange |
|Gatorlyte Orange 20oz|
Gatorlyte Orange 20oz

 :  : Gatorade Glacier  Freeze 20oz
['Gatorade', 'Glacier', '', 'Freeze', '20oz']
|Gatorade |
|Gatorade Glacier |
|Gatorade Glacier Freeze |
|Gatorade Glacier Freeze 
20oz|
Gatorade Glacier Freeze 
20oz

 :  : Gatorade Glacier  Cherry 20oz
['Gatorade', 'Glacier', '', 'Cherry', '20oz']
|Gatorade |
|Gatorade Glacier |
|Gatorade Glacier Cherry |
|Gatorade Glacier Cherry 
20oz|
Gatorade Glacier Cherry 
20oz

 :  : Gatorade Glacier  Freeze Zero 20oz
['Gatorade', 'Glacier', '', 'Freeze', 'Zero', '20oz']
|Gatorade |
|Gatorade Glacier |
|Gatorade Glacier Freeze |
|Gatorade Glacier Freeze 
Zero |
|Gatorade Glacier Freeze 
Zero 20oz|
Gatorade Glacier Freeze 
Zero 20oz

 :  : Gatorade Glacier  Cherry Zero 20oz
['Gatorade', 'Glacier', '', 'Cherry', 'Zero', '20oz']
|Gatorade |
|Gatorade Glacier |
|Gatorade Glacier Cherry |
|Gatorade Glacier Cherry 
Zero |
|Gatorade Glacier Cherry 
Zero 20oz|
Gatorade Glacier Cherry 
Zero 20oz

 :  : Gatorlyte Orange  20oz
['Gatorlyte', 'Orange', '', '20oz']
|Gatorlyte |
|Gatorlyte Orange |
|Gatorlyte Orange 20oz|
Gatorlyte Orange 20oz

 :  : Gatorlyte  Strawberry Kiwi 20oz
['Gatorlyte', '', 'Strawberry', 'Kiwi', '20oz']
|Gatorlyte |
|Gatorlyte Strawberry |
|Gatorlyte Strawberry 
Kiwi |
|Gatorlyte Strawberry 
Kiwi 20oz|
Gatorlyte Strawberry 
Kiwi 20oz

 :  : Gatorlyte Cherry  Lime 20oz
['Gatorlyte', 'Cherry', '', 'Lime', '20oz']
|Gatorlyte |
|Gatorlyte Cherry |
|Gatorlyte Cherry Lime |
|Gatorlyte Cherry Lime 
20oz|
Gatorlyte Cherry Lime 
20oz

 :  : Gatorlyte Glacier  Freeze 20oz
['Gatorlyte', 'Glacier', '', 'Freeze', '20oz']
|Gatorlyte |
|Gatorlyte Glacier |
|Gatorlyte Glacier Freeze |
|Gatorlyte Glacier Freeze 
20oz|
Gatorlyte Glacier Freeze 
20oz

 :  : Gatorlyte Mix Berry  20oz
['Gatorlyte', 'Mix', 'Berry', '', '20oz']
|Gatorlyte |
|Gatorlyte Mix |
|Gatorlyte Mix Berry |
|Gatorlyte Mix Berry 20oz|
Gatorlyte Mix Berry 20oz

 :  : Gatorlyte Lemon  Lime 20oz
['Gatorlyte', 'Lemon', '', 'Lime', '20oz']
|Gatorlyte |
|Gatorlyte Lemon |
|Gatorlyte Lemon Lime |
|Gatorlyte Lemon Lime 
20oz|
Gatorlyte Lemon Lime 
20oz

 :  : Gatorlyte Fruit  Punch 20oz
['Gatorlyte', 'Fruit', '', 'Punch', '20oz']
|Gatorlyte |
|Gatorlyte Fruit |
|Gatorlyte Fruit Punch |
|Gatorlyte Fruit Punch 
20oz|
Gatorlyte Fruit Punch 
20oz

 :  : Gadorade Gfit  Water/ Straw 16.9oz
['Gadorade', 'Gfit', '', 'Water/', 'Straw', '16.9oz']
|Gadorade |
|Gadorade Gfit |
|Gadorade Gfit Water/ |
|Gadorade Gfit Water/ 
Straw |
|Gadorade Gfit Water/ 
Straw 16.9oz|
Gadorade Gfit Water/ 
Straw 16.9oz

 :  : Gadorade Gfit  Tropical Mango 16.9oz
['Gadorade', 'Gfit', '', 'Tropical', 'Mango', '16.9oz']
|Gadorade |
|Gadorade Gfit |
|Gadorade Gfit Tropical |
|Gadorade Gfit Tropical 
Mango |
|Gadorade Gfit Tropical 
Mango 16.9oz|
Gadorade Gfit Tropical 
Mango 16.9oz

 :  : Gatorade Glacier  Freeze Zero 28oz
['Gatorade', 'Glacier', '', 'Freeze', 'Zero', '28oz']
|Gatorade |
|Gatorade Glacier |
|Gatorade Glacier Freeze |
|Gatorade Glacier Freeze 
Zero |
|Gatorade Glacier Freeze 
Zero 28oz|
Gatorade Glacier Freeze 
Zero 28oz

 :  : Gatorade Lemon Lime  Zero 28oz
['Gatorade', 'Lemon', 'Lime', '', 'Zero', '28oz']
|Gatorade |
|Gatorade Lemon |
|Gatorade Lemon Lime |
|Gatorade Lemon Lime Zero |
|Gatorade Lemon Lime Zero 
28oz|
Gatorade Lemon Lime Zero 
28oz

 :  : Gatorade Orange  Zero 28oz
['Gatorade', 'Orange', '', 'Zero', '28oz']
|Gatorade |
|Gatorade Orange |
|Gatorade Orange Zero |
|Gatorade Orange Zero 
28oz|
Gatorade Orange Zero 
28oz

 :  : Gatorade Berry Zero  28oz
['Gatorade', 'Berry', 'Zero', '', '28oz']
|Gatorade |
|Gatorade Berry |
|Gatorade Berry Zero |
|Gatorade Berry Zero 28oz|
Gatorade Berry Zero 28oz

 :  : Gatorade Glacier  Cherry Zero 28oz
['Gatorade', 'Glacier', '', 'Cherry', 'Zero', '28oz']
|Gatorade |
|Gatorade Glacier |
|Gatorade Glacier Cherry |
|Gatorade Glacier Cherry 
Zero |
|Gatorade Glacier Cherry 
Zero 28oz|
Gatorade Glacier Cherry 
Zero 28oz

 :  : Gatorade Cool Blue  Zero 28oz
['Gatorade', 'Cool', 'Blue', '', 'Zero', '28oz']
|Gatorade |
|Gatorade Cool |
|Gatorade Cool Blue |
|Gatorade Cool Blue Zero |
|Gatorade Cool Blue Zero 
28oz|
Gatorade Cool Blue Zero 
28oz

 :  : Gatorade Grape Zero  28oz
['Gatorade', 'Grape', 'Zero', '', '28oz']
|Gatorade |
|Gatorade Grape |
|Gatorade Grape Zero |
|Gatorade Grape Zero 28oz|
Gatorade Grape Zero 28oz

 :  : Gatorade Cool Blue  28oz
['Gatorade', 'Cool', 'Blue', '', '28oz']
|Gatorade |
|Gatorade Cool |
|Gatorade Cool Blue |
|Gatorade Cool Blue 28oz|
Gatorade Cool Blue 28oz

 :  : Gatorade Fruit  Punch 28oz
['Gatorade', 'Fruit', '', 'Punch', '28oz']
|Gatorade |
|Gatorade Fruit |
|Gatorade Fruit Punch |
|Gatorade Fruit Punch 
28oz|
Gatorade Fruit Punch 
28oz

 :  : Gatorade Lemon Lime  28oz
['Gatorade', 'Lemon', 'Lime', '', '28oz']
|Gatorade |
|Gatorade Lemon |
|Gatorade Lemon Lime |
|Gatorade Lemon Lime 28oz|
Gatorade Lemon Lime 28oz

 :  : Gatorade Orange  28oz
['Gatorade', 'Orange', '', '28oz']
|Gatorade |
|Gatorade Orange |
|Gatorade Orange 28oz|
Gatorade Orange 28oz

 :  : Gatorade Glacier  Freeze 28oz
['Gatorade', 'Glacier', '', 'Freeze', '28oz']
|Gatorade |
|Gatorade Glacier |
|Gatorade Glacier Freeze |
|Gatorade Glacier Freeze 
28oz|
Gatorade Glacier Freeze 
28oz

 :  : Gatorade Glacier  Cherry 28oz
['Gatorade', 'Glacier', '', 'Cherry', '28oz']
|Gatorade |
|Gatorade Glacier |
|Gatorade Glacier Cherry |
|Gatorade Glacier Cherry 
28oz|
Gatorade Glacier Cherry 
28oz

 :  : Gatorade Arctic  Blitz 28oz
['Gatorade', 'Arctic', '', 'Blitz', '28oz']
|Gatorade |
|Gatorade Arctic |
|Gatorade Arctic Blitz |
|Gatorade Arctic Blitz 
28oz|
Gatorade Arctic Blitz 
28oz

 :  : Gatorade Fierce  Grape 28oz
['Gatorade', 'Fierce', '', 'Grape', '28oz']
|Gatorade |
|Gatorade Fierce |
|Gatorade Fierce Grape |
|Gatorade Fierce Grape 
28oz|
Gatorade Fierce Grape 
28oz

 :  : Gatorade Cucumber  Lime 28oz
['Gatorade', 'Cucumber', '', 'Lime', '28oz']
|Gatorade |
|Gatorade Cucumber |
|Gatorade Cucumber Lime |
|Gatorade Cucumber Lime 
28oz|
Gatorade Cucumber Lime 
28oz

 :  : Gatorade Blue  Cherry 28oz
['Gatorade', 'Blue', '', 'Cherry', '28oz']
|Gatorade |
|Gatorade Blue |
|Gatorade Blue Cherry |
|Gatorade Blue Cherry 
28oz|
Gatorade Blue Cherry 
28oz

 :  : Gatorade Cool Blue  24oz
['Gatorade', 'Cool', 'Blue', '', '24oz']
|Gatorade |
|Gatorade Cool |
|Gatorade Cool Blue |
|Gatorade Cool Blue 24oz|
Gatorade Cool Blue 24oz

 :  : Gatorade Fruit  Punch 24oz
['Gatorade', 'Fruit', '', 'Punch', '24oz']
|Gatorade |
|Gatorade Fruit |
|Gatorade Fruit Punch |
|Gatorade Fruit Punch 
24oz|
Gatorade Fruit Punch 
24oz

 :  : Gatorade Lemon Lime  24oz
['Gatorade', 'Lemon', 'Lime', '', '24oz']
|Gatorade |
|Gatorade Lemon |
|Gatorade Lemon Lime |
|Gatorade Lemon Lime 24oz|
Gatorade Lemon Lime 24oz

 :  : Gatorade Glacier  Cherry 24oz
['Gatorade', 'Glacier', '', 'Cherry', '24oz']
|Gatorade |
|Gatorade Glacier |
|Gatorade Glacier Cherry |
|Gatorade Glacier Cherry 
24oz|
Gatorade Glacier Cherry 
24oz

 :  : Celsius Tropical  Vibe 12oz
['Celsius', 'Tropical', '', 'Vibe', '12oz']
|Celsius |
|Celsius Tropical |
|Celsius Tropical Vibe |
|Celsius Tropical Vibe 
12oz|
Celsius Tropical Vibe 
12oz

 :  : Celsius Peach Vibe  12oz
['Celsius', 'Peach', 'Vibe', '', '12oz']
|Celsius |
|Celsius Peach |
|Celsius Peach Vibe |
|Celsius Peach Vibe 12oz|
Celsius Peach Vibe 12oz

 :  : Celsius Arctic Vibe  12oz
['Celsius', 'Arctic', 'Vibe', '', '12oz']
|Celsius |
|Celsius Arctic |
|Celsius Arctic Vibe |
|Celsius Arctic Vibe 12oz|
Celsius Arctic Vibe 12oz

 :  : Celsius Fantasy  Vibe 12oz
['Celsius', 'Fantasy', '', 'Vibe', '12oz']
|Celsius |
|Celsius Fantasy |
|Celsius Fantasy Vibe |
|Celsius Fantasy Vibe 
12oz|
Celsius Fantasy Vibe 
12oz

 :  : Celsius Raspberry  Asai 12oz
['Celsius', 'Raspberry', '', 'Asai', '12oz']
|Celsius |
|Celsius Raspberry |
|Celsius Raspberry Asai |
|Celsius Raspberry Asai 
12oz|
Celsius Raspberry Asai 
12oz

 :  : Celsius Kiwi Guava  12oz
['Celsius', 'Kiwi', 'Guava', '', '12oz']
|Celsius |
|Celsius Kiwi |
|Celsius Kiwi Guava |
|Celsius Kiwi Guava 12oz|
Celsius Kiwi Guava 12oz

 :  : Celsius Strawberry  Lemon 12oz
['Celsius', 'Strawberry', '', 'Lemon', '12oz']
|Celsius |
|Celsius Strawberry |
|Celsius Strawberry Lemon |
|Celsius Strawberry Lemon 
12oz|
Celsius Strawberry Lemon 
12oz

 :  : Celsius Watermelon  12oz
['Celsius', 'Watermelon', '', '12oz']
|Celsius |
|Celsius Watermelon |
|Celsius Watermelon 12oz|
Celsius Watermelon 12oz

 :  : Celsius Peach Mango  12oz
['Celsius', 'Peach', 'Mango', '', '12oz']
|Celsius |
|Celsius Peach |
|Celsius Peach Mango |
|Celsius Peach Mango 12oz|
Celsius Peach Mango 12oz

 :  : Celsius Orange 12oz
['Celsius', 'Orange', '12oz']
|Celsius |
|Celsius Orange |
|Celsius Orange 12oz|
Celsius Orange 12oz

 :  : Celsius Grape Rush  12oz
['Celsius', 'Grape', 'Rush', '', '12oz']
|Celsius |
|Celsius Grape |
|Celsius Grape Rush |
|Celsius Grape Rush 12oz|
Celsius Grape Rush 12oz

 :  : Celsius Lemon Lime  12oz
['Celsius', 'Lemon', 'Lime', '', '12oz']
|Celsius |
|Celsius Lemon |
|Celsius Lemon Lime |
|Celsius Lemon Lime 12oz|
Celsius Lemon Lime 12oz

 :  : Celsius Fuji Apple  Pear 12oz
['Celsius', 'Fuji', 'Apple', '', 'Pear', '12oz']
|Celsius |
|Celsius Fuji |
|Celsius Fuji Apple |
|Celsius Fuji Apple Pear |
|Celsius Fuji Apple Pear 
12oz|
Celsius Fuji Apple Pear 
12oz

 :  : Celsius Wild Berry  12oz
['Celsius', 'Wild', 'Berry', '', '12oz']
|Celsius |
|Celsius Wild |
|Celsius Wild Berry |
|Celsius Wild Berry 12oz|
Celsius Wild Berry 12oz

 :  : Celsius Strawberry  Guava 12oz
['Celsius', 'Strawberry', '', 'Guava', '12oz']
|Celsius |
|Celsius Strawberry |
|Celsius Strawberry Guava |
|Celsius Strawberry Guava 
12oz|
Celsius Strawberry Guava 
12oz

 :  : Nocco Juicy Breeze
['Nocco', 'Juicy', 'Breeze']
|Nocco |
|Nocco Juicy |
|Nocco Juicy Breeze|
Nocco Juicy Breeze

 :  : Nocco Caribbean
['Nocco', 'Caribbean']
|Nocco |
|Nocco Caribbean|
Nocco Caribbean

 :  : Nocco Tropical
['Nocco', 'Tropical']
|Nocco |
|Nocco Tropical|
Nocco Tropical

 :  : Nocco Miami
['Nocco', 'Miami']
|Nocco |
|Nocco Miami|
Nocco Miami

 :  : Nocco Blood Orange
['Nocco', 'Blood', 'Orange']
|Nocco |
|Nocco Blood |
|Nocco Blood Orange|
Nocco Blood Orange

 :  : Ashock Accelerator  RockPop 12oz
['Ashock', 'Accelerator', '', 'RockPop', '12oz']
|Ashock |
|Ashock Accelerator |
|Ashock Accelerator 
RockPop |
|Ashock Accelerator 
RockPop 12oz|
Ashock Accelerator 
RockPop 12oz

 :  : Ashock Accelerator  Cherry IcePop 12oz
['Ashock', 'Accelerator', '', 'Cherry', 'IcePop', '12oz']
|Ashock |
|Ashock Accelerator |
|Ashock Accelerator 
Cherry |
|Ashock Accelerator 
Cherry 
IcePop |
|Ashock Accelerator 
Cherry 
IcePop 12oz|
Ashock Accelerator 
Cherry 
IcePop 12oz

 :  : Ashock Accelerator  Island Guava 12oz
['Ashock', 'Accelerator', '', 'Island', 'Guava', '12oz']
|Ashock |
|Ashock Accelerator |
|Ashock Accelerator 
Island |
|Ashock Accelerator 
Island 
Guava |
|Ashock Accelerator 
Island 
Guava 12oz|
Ashock Accelerator 
Island 
Guava 12oz

 :  : Ashock Accelerator  Peach Paradise 12oz
['Ashock', 'Accelerator', '', 'Peach', 'Paradise', '12oz']
|Ashock |
|Ashock Accelerator |
|Ashock Accelerator Peach |
|Ashock Accelerator Peach 
Paradise |
|Ashock Accelerator Peach 
Paradise 12oz|
Ashock Accelerator Peach 
Paradise 12oz

 :  : Ashock Accelerator  Tropical Punch 12oz
['Ashock', 'Accelerator', '', 'Tropical', 'Punch', '12oz']
|Ashock |
|Ashock Accelerator |
|Ashock Accelerator 
Tropical |
|Ashock Accelerator 
Tropical 
Punch |
|Ashock Accelerator 
Tropical 
Punch 12oz|
Ashock Accelerator 
Tropical 
Punch 12oz

 :  : Ashock Accelerator  Cherry Lime 12oz
['Ashock', 'Accelerator', '', 'Cherry', 'Lime', '12oz']
|Ashock |
|Ashock Accelerator |
|Ashock Accelerator 
Cherry |
|Ashock Accelerator 
Cherry 
Lime |
|Ashock Accelerator 
Cherry 
Lime 12oz|
Ashock Accelerator 
Cherry 
Lime 12oz

 :  : Ashock Accelerator  Berry Lemonade 12oz
['Ashock', 'Accelerator', '', 'Berry', 'Lemonade', '12oz']
|Ashock |
|Ashock Accelerator |
|Ashock Accelerator Berry |
|Ashock Accelerator Berry 
Lemonade |
|Ashock Accelerator Berry 
Lemonade 12oz|
Ashock Accelerator Berry 
Lemonade 12oz

 :  : Ashock Tropical  Punch 16oz
['Ashock', 'Tropical', '', 'Punch', '16oz']
|Ashock |
|Ashock Tropical |
|Ashock Tropical Punch |
|Ashock Tropical Punch 
16oz|
Ashock Tropical Punch 
16oz

 :  : Ashock Blue Razz  16oz
['Ashock', 'Blue', 'Razz', '', '16oz']
|Ashock |
|Ashock Blue |
|Ashock Blue Razz |
|Ashock Blue Razz 16oz|
Ashock Blue Razz 16oz

 :  : Ashock Orange  Freeze 16oz
['Ashock', 'Orange', '', 'Freeze', '16oz']
|Ashock |
|Ashock Orange |
|Ashock Orange Freeze |
|Ashock Orange Freeze 
16oz|
Ashock Orange Freeze 
16oz

 :  : Java Monster Mean  Bean 15oz
['Java', 'Monster', 'Mean', '', 'Bean', '15oz']
|Java |
|Java Monster |
|Java Monster Mean |
|Java Monster Mean Bean |
|Java Monster Mean Bean 
15oz|
Java Monster Mean Bean 
15oz

 :  : Java Monster Loca  Mocha 15oz
['Java', 'Monster', 'Loca', '', 'Mocha', '15oz']
|Java |
|Java Monster |
|Java Monster Loca |
|Java Monster Loca Mocha |
|Java Monster Loca Mocha 
15oz|
Java Monster Loca Mocha 
15oz

 :  : Java Monster Irish  Blend 15oz
['Java', 'Monster', 'Irish', '', 'Blend', '15oz']
|Java |
|Java Monster |
|Java Monster Irish |
|Java Monster Irish Blend |
|Java Monster Irish Blend 
15oz|
Java Monster Irish Blend 
15oz

 :  : Java Monster Salted  Caramel 15oz
['Java', 'Monster', 'Salted', '', 'Caramel', '15oz']
|Java |
|Java Monster |
|Java Monster Salted |
|Java Monster Salted 
Caramel |
|Java Monster Salted 
Caramel 15oz|
Java Monster Salted 
Caramel 15oz

 :  : Java Monster Café  Latte 15oz
['Java', 'Monster', 'Café', '', 'Latte', '15oz']
|Java |
|Java Monster |
|Java Monster Café |
|Java Monster Café Latte |
|Java Monster Café Latte 
15oz|
Java Monster Café Latte 
15oz

 :  : Dunkin' Brownie  Batter 11oz
["Dunkin'", 'Brownie', '', 'Batter', '11oz']
|Dunkin' |
|Dunkin' Brownie |
|Dunkin' Brownie Batter |
|Dunkin' Brownie Batter 
11oz|
Dunkin' Brownie Batter 
11oz

 :  : Dunkin' Cake Batter  11oz
["Dunkin'", 'Cake', 'Batter', '', '11oz']
|Dunkin' |
|Dunkin' Cake |
|Dunkin' Cake Batter |
|Dunkin' Cake Batter 11oz|
Dunkin' Cake Batter 11oz

 :  : Black Rifle 300  Mocha 15oz
['Black', 'Rifle', '300', '', 'Mocha', '15oz']
|Black |
|Black Rifle |
|Black Rifle 300 |
|Black Rifle 300 Mocha |
|Black Rifle 300 Mocha 
15oz|
Black Rifle 300 Mocha 
15oz

 :  : Black Rifle 300  Caramel Vanilla 15oz
['Black', 'Rifle', '300', '', 'Caramel', 'Vanilla', '15oz']
|Black |
|Black Rifle |
|Black Rifle 300 |
|Black Rifle 300 Caramel |
|Black Rifle 300 Caramel 
Vanilla |
|Black Rifle 300 Caramel 
Vanilla 15oz|
Black Rifle 300 Caramel 
Vanilla 15oz

 :  : Black Rifle 300  Vanilla Bomb 15oz
['Black', 'Rifle', '300', '', 'Vanilla', 'Bomb', '15oz']
|Black |
|Black Rifle |
|Black Rifle 300 |
|Black Rifle 300 Vanilla |
|Black Rifle 300 Vanilla 
Bomb |
|Black Rifle 300 Vanilla 
Bomb 15oz|
Black Rifle 300 Vanilla 
Bomb 15oz

 :  : Black Rifle Mocha  11oz
['Black', 'Rifle', 'Mocha', '', '11oz']
|Black |
|Black Rifle |
|Black Rifle Mocha |
|Black Rifle Mocha 11oz|
Black Rifle Mocha 11oz

 :  : Black Rifle Cream  11oz
['Black', 'Rifle', 'Cream', '', '11oz']
|Black |
|Black Rifle |
|Black Rifle Cream |
|Black Rifle Cream 11oz|
Black Rifle Cream 11oz

 :  : Java Monster 300  Mocha 15oz
['Java', 'Monster', '300', '', 'Mocha', '15oz']
|Java |
|Java Monster |
|Java Monster 300 |
|Java Monster 300 Mocha |
|Java Monster 300 Mocha 
15oz|
Java Monster 300 Mocha 
15oz

 :  : Java Monster 300  Vanilla 15oz
['Java', 'Monster', '300', '', 'Vanilla', '15oz']
|Java |
|Java Monster |
|Java Monster 300 |
|Java Monster 300 Vanilla |
|Java Monster 300 Vanilla 
15oz|
Java Monster 300 Vanilla 
15oz

 :  : Dunkin' Donuts  Mocha 13.7oz
["Dunkin'", 'Donuts', '', 'Mocha', '13.7oz']
|Dunkin' |
|Dunkin' Donuts |
|Dunkin' Donuts Mocha |
|Dunkin' Donuts Mocha 
13.7oz|
Dunkin' Donuts Mocha 
13.7oz

 :  : Dunkin' Donuts  Vanilla 13.7oz
["Dunkin'", 'Donuts', '', 'Vanilla', '13.7oz']
|Dunkin' |
|Dunkin' Donuts |
|Dunkin' Donuts Vanilla |
|Dunkin' Donuts Vanilla 
13.7oz|
Dunkin' Donuts Vanilla 
13.7oz

 :  : Dunkin' Donuts  Caramel 13.7oz
["Dunkin'", 'Donuts', '', 'Caramel', '13.7oz']
|Dunkin' |
|Dunkin' Donuts |
|Dunkin' Donuts Caramel |
|Dunkin' Donuts Caramel 
13.7oz|
Dunkin' Donuts Caramel 
13.7oz

 :  : Super Coffee Mocha  12oz
['Super', 'Coffee', 'Mocha', '', '12oz']
|Super |
|Super Coffee |
|Super Coffee Mocha |
|Super Coffee Mocha 12oz|
Super Coffee Mocha 12oz

 :  : Super Coffee  Vanilla 12oz
['Super', 'Coffee', '', 'Vanilla', '12oz']
|Super |
|Super Coffee |
|Super Coffee Vanilla |
|Super Coffee Vanilla 
12oz|
Super Coffee Vanilla 
12oz

 :  : Super Coffee  Caramel 12oz
['Super', 'Coffee', '', 'Caramel', '12oz']
|Super |
|Super Coffee |
|Super Coffee Caramel |
|Super Coffee Caramel 
12oz|
Super Coffee Caramel 
12oz

 :  : Starbucks White  Chocolate 15oz
['Starbucks', 'White', '', 'Chocolate', '15oz']
|Starbucks |
|Starbucks White |
|Starbucks White 
Chocolate |
|Starbucks White 
Chocolate 15oz|
Starbucks White 
Chocolate 15oz

 :  : Starbucks Coffee  15oz
['Starbucks', 'Coffee', '', '15oz']
|Starbucks |
|Starbucks Coffee |
|Starbucks Coffee 15oz|
Starbucks Coffee 15oz

 :  : Starbucks TS Mocha  15oz
['Starbucks', 'TS', 'Mocha', '', '15oz']
|Starbucks |
|Starbucks TS |
|Starbucks TS Mocha |
|Starbucks TS Mocha 15oz|
Starbucks TS Mocha 15oz

 :  : Starbucks TS  Vanilla 15oz
['Starbucks', 'TS', '', 'Vanilla', '15oz']
|Starbucks |
|Starbucks TS |
|Starbucks TS Vanilla |
|Starbucks TS Vanilla 
15oz|
Starbucks TS Vanilla 
15oz

 :  : Costa Coffee Mocha
['Costa', 'Coffee', 'Mocha']
|Costa |
|Costa Coffee |
|Costa Coffee Mocha|
Costa Coffee Mocha

 :  : Costa Coffee  Caramel
['Costa', 'Coffee', '', 'Caramel']
|Costa |
|Costa Coffee |
|Costa Coffee Caramel|
Costa Coffee Caramel

 :  : Int. Delight  Caramel 15oz
['Int.', 'Delight', '', 'Caramel', '15oz']
|Int. |
|Int. Delight |
|Int. Delight Caramel |
|Int. Delight Caramel 
15oz|
Int. Delight Caramel 
15oz

 :  : Int. Delight Oreo  15oz
['Int.', 'Delight', 'Oreo', '', '15oz']
|Int. |
|Int. Delight |
|Int. Delight Oreo |
|Int. Delight Oreo 15oz|
Int. Delight Oreo 15oz

 :  : Int. Delight  Reese's 15oz
['Int.', 'Delight', '', "Reese's", '15oz']
|Int. |
|Int. Delight |
|Int. Delight Reese's |
|Int. Delight Reese's 
15oz|
Int. Delight Reese's 
15oz

 :  : Starbucks Frap  Coffee 13.7oz
['Starbucks', 'Frap', '', 'Coffee', '13.7oz']
|Starbucks |
|Starbucks Frap |
|Starbucks Frap Coffee |
|Starbucks Frap Coffee 
13.7oz|
Starbucks Frap Coffee 
13.7oz

 :  : Starbucks Frap  Caramel 13.7oz
['Starbucks', 'Frap', '', 'Caramel', '13.7oz']
|Starbucks |
|Starbucks Frap |
|Starbucks Frap Caramel |
|Starbucks Frap Caramel 
13.7oz|
Starbucks Frap Caramel 
13.7oz

 :  : Starbucks Mocha  15oz
['Starbucks', 'Mocha', '', '15oz']
|Starbucks |
|Starbucks Mocha |
|Starbucks Mocha 15oz|
Starbucks Mocha 15oz

 :  : Starbucks Vanilla  15oz
['Starbucks', 'Vanilla', '', '15oz']
|Starbucks |
|Starbucks Vanilla |
|Starbucks Vanilla 15oz|
Starbucks Vanilla 15oz

 :  : Starbucks DS 6.5oz
['Starbucks', 'DS', '6.5oz']
|Starbucks |
|Starbucks DS |
|Starbucks DS 6.5oz|
Starbucks DS 6.5oz

 :  : Starbucks Frap  White Choc 13.7oz
['Starbucks', 'Frap', '', 'White', 'Choc', '13.7oz']
|Starbucks |
|Starbucks Frap |
|Starbucks Frap White |
|Starbucks Frap White 
Choc |
|Starbucks Frap White 
Choc 13.7oz|
Starbucks Frap White 
Choc 13.7oz

 :  : Starbucks Frap  Mocha 13.7oz
['Starbucks', 'Frap', '', 'Mocha', '13.7oz']
|Starbucks |
|Starbucks Frap |
|Starbucks Frap Mocha |
|Starbucks Frap Mocha 
13.7oz|
Starbucks Frap Mocha 
13.7oz

 :  : Starbucks Frap  Vanilla 13.7oz
['Starbucks', 'Frap', '', 'Vanilla', '13.7oz']
|Starbucks |
|Starbucks Frap |
|Starbucks Frap Vanilla |
|Starbucks Frap Vanilla 
13.7oz|
Starbucks Frap Vanilla 
13.7oz

 :  : C4 Smart Strawberry  Guava 12oz
['C4', 'Smart', 'Strawberry', '', 'Guava', '12oz']
|C4 |
|C4 Smart |
|C4 Smart Strawberry |
|C4 Smart Strawberry 
Guava |
|C4 Smart Strawberry 
Guava 12oz|
C4 Smart Strawberry 
Guava 12oz

 :  : C4 Smart  Cherryberry Lime 12oz
['C4', 'Smart', '', 'Cherryberry', 'Lime', '12oz']
|C4 |
|C4 Smart |
|C4 Smart Cherryberry |
|C4 Smart Cherryberry 
Lime |
|C4 Smart Cherryberry 
Lime 12oz|
C4 Smart Cherryberry 
Lime 12oz

 :  : C4 Ultra Arctic  Snow Cone 16oz
['C4', 'Ultra', 'Arctic', '', 'Snow', 'Cone', '16oz']
|C4 |
|C4 Ultra |
|C4 Ultra Arctic |
|C4 Ultra Arctic Snow |
|C4 Ultra Arctic Snow 
Cone |
|C4 Ultra Arctic Snow 
Cone 16oz|
C4 Ultra Arctic Snow 
Cone 16oz

 :  : C4 Ultra Fruit  Punch 16oz
['C4', 'Ultra', 'Fruit', '', 'Punch', '16oz']
|C4 |
|C4 Ultra |
|C4 Ultra Fruit |
|C4 Ultra Fruit Punch |
|C4 Ultra Fruit Punch 
16oz|
C4 Ultra Fruit Punch 
16oz

 :  : C4 Ultra Orange  Cream 16oz
['C4', 'Ultra', 'Orange', '', 'Cream', '16oz']
|C4 |
|C4 Ultra |
|C4 Ultra Orange |
|C4 Ultra Orange Cream |
|C4 Ultra Orange Cream 
16oz|
C4 Ultra Orange Cream 
16oz

 :  : C4 Ultra Raspberry  16oz
['C4', 'Ultra', 'Raspberry', '', '16oz']
|C4 |
|C4 Ultra |
|C4 Ultra Raspberry |
|C4 Ultra Raspberry 16oz|
C4 Ultra Raspberry 16oz

 :  : C4 Ultra Berry Bomb  16oz
['C4', 'Ultra', 'Berry', 'Bomb', '', '16oz']
|C4 |
|C4 Ultra |
|C4 Ultra Berry |
|C4 Ultra Berry Bomb |
|C4 Ultra Berry Bomb 16oz|
C4 Ultra Berry Bomb 16oz

 :  : C4 Ultra Freedom  Ice 16oz
['C4', 'Ultra', 'Freedom', '', 'Ice', '16oz']
|C4 |
|C4 Ultra |
|C4 Ultra Freedom |
|C4 Ultra Freedom Ice |
|C4 Ultra Freedom Ice 
16oz|
C4 Ultra Freedom Ice 
16oz

 :  : C4 Starburst  Strawberry 16oz
['C4', 'Starburst', '', 'Strawberry', '16oz']
|C4 |
|C4 Starburst |
|C4 Starburst Strawberry |
|C4 Starburst Strawberry 
16oz|
C4 Starburst Strawberry 
16oz

 :  : C4 Skittles 16oz
['C4', 'Skittles', '16oz']
|C4 |
|C4 Skittles |
|C4 Skittles 16oz|
C4 Skittles 16oz

 :  : C4 Frozen Bombsicle  16oz
['C4', 'Frozen', 'Bombsicle', '', '16oz']
|C4 |
|C4 Frozen |
|C4 Frozen Bombsicle |
|C4 Frozen Bombsicle 16oz|
C4 Frozen Bombsicle 16oz

 :  : C4 Midnight Cherry  16oz
['C4', 'Midnight', 'Cherry', '', '16oz']
|C4 |
|C4 Midnight |
|C4 Midnight Cherry |
|C4 Midnight Cherry 16oz|
C4 Midnight Cherry 16oz

 :  : C4 Cherry Popsicle  16oz
['C4', 'Cherry', 'Popsicle', '', '16oz']
|C4 |
|C4 Cherry |
|C4 Cherry Popsicle |
|C4 Cherry Popsicle 16oz|
C4 Cherry Popsicle 16oz

 :  : C4 Grape Popsicle  16oz
['C4', 'Grape', 'Popsicle', '', '16oz']
|C4 |
|C4 Grape |
|C4 Grape Popsicle |
|C4 Grape Popsicle 16oz|
C4 Grape Popsicle 16oz

 :  : C4 Hawaiian Pine  16oz
['C4', 'Hawaiian', 'Pine', '', '16oz']
|C4 |
|C4 Hawaiian |
|C4 Hawaiian Pine |
|C4 Hawaiian Pine 16oz|
C4 Hawaiian Pine 16oz

 :  : C4 Watermelon 16oz
['C4', 'Watermelon', '16oz']
|C4 |
|C4 Watermelon |
|C4 Watermelon 16oz|
C4 Watermelon 16oz

 :  : C4 Orange Slice  16oz
['C4', 'Orange', 'Slice', '', '16oz']
|C4 |
|C4 Orange |
|C4 Orange Slice |
|C4 Orange Slice 16oz|
C4 Orange Slice 16oz

 :  : C4 Mango Foxtrot  16oz
['C4', 'Mango', 'Foxtrot', '', '16oz']
|C4 |
|C4 Mango |
|C4 Mango Foxtrot |
|C4 Mango Foxtrot 16oz|
C4 Mango Foxtrot 16oz

 :  : Amino Grape 12oz
['Amino', 'Grape', '12oz']
|Amino |
|Amino Grape |
|Amino Grape 12oz|
Amino Grape 12oz

 :  : Amino Blueberry  Lemonade 12oz
['Amino', 'Blueberry', '', 'Lemonade', '12oz']
|Amino |
|Amino Blueberry |
|Amino Blueberry Lemonade |
|Amino Blueberry Lemonade 
12oz|
Amino Blueberry Lemonade 
12oz

 :  : Amino Berry Burst  12oz
['Amino', 'Berry', 'Burst', '', '12oz']
|Amino |
|Amino Berry |
|Amino Berry Burst |
|Amino Berry Burst 12oz|
Amino Berry Burst 12oz

 :  : Amino Orange 12oz
['Amino', 'Orange', '12oz']
|Amino |
|Amino Orange |
|Amino Orange 12oz|
Amino Orange 12oz

 :  : Amino Cherry 12oz
['Amino', 'Cherry', '12oz']
|Amino |
|Amino Cherry |
|Amino Cherry 12oz|
Amino Cherry 12oz

 :  : Amino Mango 12oz
['Amino', 'Mango', '12oz']
|Amino |
|Amino Mango |
|Amino Mango 12oz|
Amino Mango 12oz

 :  : Amino Strawberry  12oz
['Amino', 'Strawberry', '', '12oz']
|Amino |
|Amino Strawberry |
|Amino Strawberry 12oz|
Amino Strawberry 12oz

 :  : Amino Peach 12oz
['Amino', 'Peach', '12oz']
|Amino |
|Amino Peach |
|Amino Peach 12oz|
Amino Peach 12oz

 :  : Amino Watermelon  12oz
['Amino', 'Watermelon', '', '12oz']
|Amino |
|Amino Watermelon |
|Amino Watermelon 12oz|
Amino Watermelon 12oz

 :  : Bang Peach Mango
['Bang', 'Peach', 'Mango']
|Bang |
|Bang Peach |
|Bang Peach Mango|
Bang Peach Mango

 :  : Bang Blue Razz
['Bang', 'Blue', 'Razz']
|Bang |
|Bang Blue |
|Bang Blue Razz|
Bang Blue Razz

 :  : Bang Purple Haze
['Bang', 'Purple', 'Haze']
|Bang |
|Bang Purple |
|Bang Purple Haze|
Bang Purple Haze

 :  : Bang Black Cherry  Vanilla
['Bang', 'Black', 'Cherry', '', 'Vanilla']
|Bang |
|Bang Black |
|Bang Black Cherry |
|Bang Black Cherry 
Vanilla|
Bang Black Cherry 
Vanilla

 :  : Bang Star Blast
['Bang', 'Star', 'Blast']
|Bang |
|Bang Star |
|Bang Star Blast|
Bang Star Blast

 :  : Bang Cotton Candy
['Bang', 'Cotton', 'Candy']
|Bang |
|Bang Cotton |
|Bang Cotton Candy|
Bang Cotton Candy

 :  : Bang Strawberry
['Bang', 'Strawberry']
|Bang |
|Bang Strawberry|
Bang Strawberry

 :  : Bang Sour Head
['Bang', 'Sour', 'Head']
|Bang |
|Bang Sour |
|Bang Sour Head|
Bang Sour Head

 :  : Bang Radical  Skadattle
['Bang', 'Radical', '', 'Skadattle']
|Bang |
|Bang Radical |
|Bang Radical Skadattle|
Bang Radical Skadattle

 :  : Bang Watermelon
['Bang', 'Watermelon']
|Bang |
|Bang Watermelon|
Bang Watermelon

 :  : Reign Orange  Dreamsicle 16oz
['Reign', 'Orange', '', 'Dreamsicle', '16oz']
|Reign |
|Reign Orange |
|Reign Orange Dreamsicle |
|Reign Orange Dreamsicle 
16oz|
Reign Orange Dreamsicle 
16oz

 :  : Reign Tropical  Storm 16oz
['Reign', 'Tropical', '', 'Storm', '16oz']
|Reign |
|Reign Tropical |
|Reign Tropical Storm |
|Reign Tropical Storm 
16oz|
Reign Tropical Storm 
16oz

 :  : Reign Sour Gummy  Worm 16oz
['Reign', 'Sour', 'Gummy', '', 'Worm', '16oz']
|Reign |
|Reign Sour |
|Reign Sour Gummy |
|Reign Sour Gummy Worm |
|Reign Sour Gummy Worm 
16oz|
Reign Sour Gummy Worm 
16oz

 :  : Reign Rainbow  Sherbet 16oz
['Reign', 'Rainbow', '', 'Sherbet', '16oz']
|Reign |
|Reign Rainbow |
|Reign Rainbow Sherbet |
|Reign Rainbow Sherbet 
16oz|
Reign Rainbow Sherbet 
16oz

 :  : Reign White Gummy  Bear 16oz
['Reign', 'White', 'Gummy', '', 'Bear', '16oz']
|Reign |
|Reign White |
|Reign White Gummy |
|Reign White Gummy Bear |
|Reign White Gummy Bear 
16oz|
Reign White Gummy Bear 
16oz

 :  : Reign Razzle Berry  16oz
['Reign', 'Razzle', 'Berry', '', '16oz']
|Reign |
|Reign Razzle |
|Reign Razzle Berry |
|Reign Razzle Berry 16oz|
Reign Razzle Berry 16oz

 :  : Reign Cherry  Limeaid 16oz
['Reign', 'Cherry', '', 'Limeaid', '16oz']
|Reign |
|Reign Cherry |
|Reign Cherry Limeaid |
|Reign Cherry Limeaid 
16oz|
Reign Cherry Limeaid 
16oz

 :  : Reign Storm Kiwi  12oz
['Reign', 'Storm', 'Kiwi', '', '12oz']
|Reign |
|Reign Storm |
|Reign Storm Kiwi |
|Reign Storm Kiwi 12oz|
Reign Storm Kiwi 12oz

 :  : Reign Storm Grape  12oz
['Reign', 'Storm', 'Grape', '', '12oz']
|Reign |
|Reign Storm |
|Reign Storm Grape |
|Reign Storm Grape 12oz|
Reign Storm Grape 12oz

 :  : Reign Storm Orange  12oz
['Reign', 'Storm', 'Orange', '', '12oz']
|Reign |
|Reign Storm |
|Reign Storm Orange |
|Reign Storm Orange 12oz|
Reign Storm Orange 12oz

 :  : Reign Storm Guava  Straw 12oz
['Reign', 'Storm', 'Guava', '', 'Straw', '12oz']
|Reign |
|Reign Storm |
|Reign Storm Guava |
|Reign Storm Guava Straw |
|Reign Storm Guava Straw 
12oz|
Reign Storm Guava Straw 
12oz

 :  : Reign Storm Citrus  12oz
['Reign', 'Storm', 'Citrus', '', '12oz']
|Reign |
|Reign Storm |
|Reign Storm Citrus |
|Reign Storm Citrus 12oz|
Reign Storm Citrus 12oz

 :  : Ryse Kool-Aid
['Ryse', 'Kool-Aid']
|Ryse |
|Ryse Kool-Aid|
Ryse Kool-Aid

 :  : Ryse Sunny D
['Ryse', 'Sunny', 'D']
|Ryse |
|Ryse Sunny |
|Ryse Sunny D|
Ryse Sunny D

 :  : Ryse Ring Pop
['Ryse', 'Ring', 'Pop']
|Ryse |
|Ryse Ring |
|Ryse Ring Pop|
Ryse Ring Pop

 :  : Ryse Country Time  Lemonade
['Ryse', 'Country', 'Time', '', 'Lemonade']
|Ryse |
|Ryse Country |
|Ryse Country Time |
|Ryse Country Time 
Lemonade|
Ryse Country Time 
Lemonade

 :  : Ryse Baja Burst
['Ryse', 'Baja', 'Burst']
|Ryse |
|Ryse Baja |
|Ryse Baja Burst|
Ryse Baja Burst

 :  : Alani Cherry Twist  12oz
['Alani', 'Cherry', 'Twist', '', '12oz']
|Alani |
|Alani Cherry |
|Alani Cherry Twist |
|Alani Cherry Twist 12oz|
Alani Cherry Twist 12oz

 :  : Alani Juicy Peach  12oz
['Alani', 'Juicy', 'Peach', '', '12oz']
|Alani |
|Alani Juicy |
|Alani Juicy Peach |
|Alani Juicy Peach 12oz|
Alani Juicy Peach 12oz

 :  : Alani Cherry Slush  12oz
['Alani', 'Cherry', 'Slush', '', '12oz']
|Alani |
|Alani Cherry |
|Alani Cherry Slush |
|Alani Cherry Slush 12oz|
Alani Cherry Slush 12oz

 :  : Alani Cosmic Star  12oz
['Alani', 'Cosmic', 'Star', '', '12oz']
|Alani |
|Alani Cosmic |
|Alani Cosmic Star |
|Alani Cosmic Star 12oz|
Alani Cosmic Star 12oz

 :  : Xyience Cherry Lime
['Xyience', 'Cherry', 'Lime']
|Xyience |
|Xyience Cherry |
|Xyience Cherry Lime|
Xyience Cherry Lime

 :  : Xyience Mango Guava
['Xyience', 'Mango', 'Guava']
|Xyience |
|Xyience Mango |
|Xyience Mango Guava|
Xyience Mango Guava

 :  : Xyience Frostberry  Blast
['Xyience', 'Frostberry', '', 'Blast']
|Xyience |
|Xyience Frostberry |
|Xyience Frostberry Blast|
Xyience Frostberry Blast

 :  : Xyience Blue Pom
['Xyience', 'Blue', 'Pom']
|Xyience |
|Xyience Blue |
|Xyience Blue Pom|
Xyience Blue Pom

 :  : Xyience Fuji Apple
['Xyience', 'Fuji', 'Apple']
|Xyience |
|Xyience Fuji |
|Xyience Fuji Apple|
Xyience Fuji Apple

 :  : Xyience Fruit Punch
['Xyience', 'Fruit', 'Punch']
|Xyience |
|Xyience Fruit |
|Xyience Fruit Punch|
Xyience Fruit Punch

 :  : QT Energy 16oz
['QT', 'Energy', '16oz']
|QT |
|QT Energy |
|QT Energy 16oz|
QT Energy 16oz

 :  : QT Energy Blue 16oz
['QT', 'Energy', 'Blue', '16oz']
|QT |
|QT Energy |
|QT Energy Blue |
|QT Energy Blue 16oz|
QT Energy Blue 16oz

 :  : QT Energy Ultra  Zero 16oz
['QT', 'Energy', 'Ultra', '', 'Zero', '16oz']
|QT |
|QT Energy |
|QT Energy Ultra |
|QT Energy Ultra Zero |
|QT Energy Ultra Zero 
16oz|
QT Energy Ultra Zero 
16oz

 :  : Rooster Booster  16oz
['Rooster', 'Booster', '', '16oz']
|Rooster |
|Rooster Booster |
|Rooster Booster 16oz|
Rooster Booster 16oz

 :  : Rooster Booster  Lite 16oz
['Rooster', 'Booster', '', 'Lite', '16oz']
|Rooster |
|Rooster Booster |
|Rooster Booster Lite |
|Rooster Booster Lite 
16oz|
Rooster Booster Lite 
16oz

 :  : 1Phorm Scrmin'  Freedom 16oz
['1Phorm', "Scrmin'", '', 'Freedom', '16oz']
|1Phorm |
|1Phorm Scrmin' |
|1Phorm Scrmin' Freedom |
|1Phorm Scrmin' Freedom 
16oz|
1Phorm Scrmin' Freedom 
16oz

 :  : 1Phorm Blue  Raspberry 16oz
['1Phorm', 'Blue', '', 'Raspberry', '16oz']
|1Phorm |
|1Phorm Blue |
|1Phorm Blue Raspberry |
|1Phorm Blue Raspberry 
16oz|
1Phorm Blue Raspberry 
16oz

 :  : 1Phorm Citrus 16oz
['1Phorm', 'Citrus', '16oz']
|1Phorm |
|1Phorm Citrus |
|1Phorm Citrus 16oz|
1Phorm Citrus 16oz

 :  : 1Phorm Sunrise 16oz
['1Phorm', 'Sunrise', '16oz']
|1Phorm |
|1Phorm Sunrise |
|1Phorm Sunrise 16oz|
1Phorm Sunrise 16oz

 :  : 1Phorm Tropical  16oz
['1Phorm', 'Tropical', '', '16oz']
|1Phorm |
|1Phorm Tropical |
|1Phorm Tropical 16oz|
1Phorm Tropical 16oz

 :  : Bucked Miami 16oz
['Bucked', 'Miami', '16oz']
|Bucked |
|Bucked Miami |
|Bucked Miami 16oz|
Bucked Miami 16oz

 :  : Bucked Rocket 16oz
['Bucked', 'Rocket', '16oz']
|Bucked |
|Bucked Rocket |
|Bucked Rocket 16oz|
Bucked Rocket 16oz

 :  : Bucked Raspberry  16oz
['Bucked', 'Raspberry', '', '16oz']
|Bucked |
|Bucked Raspberry |
|Bucked Raspberry 16oz|
Bucked Raspberry 16oz

 :  : Bucked White Gummy  16oz
['Bucked', 'White', 'Gummy', '', '16oz']
|Bucked |
|Bucked White |
|Bucked White Gummy |
|Bucked White Gummy 16oz|
Bucked White Gummy 16oz

 :  : Rockstar Zero  Silver Ice 16oz
['Rockstar', 'Zero', '', 'Silver', 'Ice', '16oz']
|Rockstar |
|Rockstar Zero |
|Rockstar Zero Silver |
|Rockstar Zero Silver Ice |
|Rockstar Zero Silver Ice 
16oz|
Rockstar Zero Silver Ice 
16oz

 :  : Rockstar Zero  Punched 16oz
['Rockstar', 'Zero', '', 'Punched', '16oz']
|Rockstar |
|Rockstar Zero |
|Rockstar Zero Punched |
|Rockstar Zero Punched 
16oz|
Rockstar Zero Punched 
16oz

 :  : Rockstar Sugar Free  16oz
['Rockstar', 'Sugar', 'Free', '', '16oz']
|Rockstar |
|Rockstar Sugar |
|Rockstar Sugar Free |
|Rockstar Sugar Free 16oz|
Rockstar Sugar Free 16oz

 :  : Rockstar Zero  Strawberry Peach 16oz
['Rockstar', 'Zero', '', 'Strawberry', 'Peach', '16oz']
|Rockstar |
|Rockstar Zero |
|Rockstar Zero Strawberry |
|Rockstar Zero Strawberry 
Peach |
|Rockstar Zero Strawberry 
Peach 16oz|
Rockstar Zero Strawberry 
Peach 16oz

 :  : Rockstar Strawberry  Peach 16oz
['Rockstar', 'Strawberry', '', 'Peach', '16oz']
|Rockstar |
|Rockstar Strawberry |
|Rockstar Strawberry 
Peach |
|Rockstar Strawberry 
Peach 16oz|
Rockstar Strawberry 
Peach 16oz

 :  : Gatorade Twitch  Strawberry
['Gatorade', 'Twitch', '', 'Strawberry']
|Gatorade |
|Gatorade Twitch |
|Gatorade Twitch 
Strawberry|
Gatorade Twitch 
Strawberry

 :  : Gatorade Twitch  Cool Blue
['Gatorade', 'Twitch', '', 'Cool', 'Blue']
|Gatorade |
|Gatorade Twitch |
|Gatorade Twitch Cool |
|Gatorade Twitch Cool 
Blue|
Gatorade Twitch Cool 
Blue

 :  : Mountain Dew AMP  16oz
['Mountain', 'Dew', 'AMP', '', '16oz']
|Mountain |
|Mountain Dew |
|Mountain Dew AMP |
|Mountain Dew AMP 16oz|
Mountain Dew AMP 16oz

 :  : Rockstar Energy  16oz
['Rockstar', 'Energy', '', '16oz']
|Rockstar |
|Rockstar Energy |
|Rockstar Energy 16oz|
Rockstar Energy 16oz

 :  : Rockstar Punched  16oz
['Rockstar', 'Punched', '', '16oz']
|Rockstar |
|Rockstar Punched |
|Rockstar Punched 16oz|
Rockstar Punched 16oz

 :  : Rockstar Recovery  Orange 16oz
['Rockstar', 'Recovery', '', 'Orange', '16oz']
|Rockstar |
|Rockstar Recovery |
|Rockstar Recovery Orange |
|Rockstar Recovery Orange 
16oz|
Rockstar Recovery Orange 
16oz

 :  : Rockstar Recovery  16oz
['Rockstar', 'Recovery', '', '16oz']
|Rockstar |
|Rockstar Recovery |
|Rockstar Recovery 16oz|
Rockstar Recovery 16oz

 :  : Monster Energy  19.2oz
['Monster', 'Energy', '', '19.2oz']
|Monster |
|Monster Energy |
|Monster Energy 19.2oz|
Monster Energy 19.2oz

 :  : Monster Zero Ultra  19.2oz
['Monster', 'Zero', 'Ultra', '', '19.2oz']
|Monster |
|Monster Zero |
|Monster Zero Ultra |
|Monster Zero Ultra 
19.2oz|
Monster Zero Ultra 
19.2oz

 :  : Monster Mango Loco  19.2oz
['Monster', 'Mango', 'Loco', '', '19.2oz']
|Monster |
|Monster Mango |
|Monster Mango Loco |
|Monster Mango Loco 
19.2oz|
Monster Mango Loco 
19.2oz

 :  : Monster Rehab  18.6oz
['Monster', 'Rehab', '', '18.6oz']
|Monster |
|Monster Rehab |
|Monster Rehab 18.6oz|
Monster Rehab 18.6oz

 :  : Monster Zero Sugar  16oz
['Monster', 'Zero', 'Sugar', '', '16oz']
|Monster |
|Monster Zero |
|Monster Zero Sugar |
|Monster Zero Sugar 16oz|
Monster Zero Sugar 16oz

 :  : Monster Lo-Carb  16oz
['Monster', 'Lo-Carb', '', '16oz']
|Monster |
|Monster Lo-Carb |
|Monster Lo-Carb 16oz|
Monster Lo-Carb 16oz

 :  : Monster Nitro Super  Dry 16oz
['Monster', 'Nitro', 'Super', '', 'Dry', '16oz']
|Monster |
|Monster Nitro |
|Monster Nitro Super |
|Monster Nitro Super Dry |
|Monster Nitro Super Dry 
16oz|
Monster Nitro Super Dry 
16oz

 :  : 1Monster Energy 16oz
['1Monster', 'Energy', '16oz']
|1Monster |
|1Monster Energy |
|1Monster Energy 16oz|
1Monster Energy 16oz

 :  : Monster Ultra  Strawberry 16oz
['Monster', 'Ultra', '', 'Strawberry', '16oz']
|Monster |
|Monster Ultra |
|Monster Ultra Strawberry |
|Monster Ultra Strawberry 
16oz|
Monster Ultra Strawberry 
16oz

 :  : Monster Energy 12oz
['Monster', 'Energy', '12oz']
|Monster |
|Monster Energy |
|Monster Energy 12oz|
Monster Energy 12oz

 :  : Monster Zero Ultra  12oz
['Monster', 'Zero', 'Ultra', '', '12oz']
|Monster |
|Monster Zero |
|Monster Zero Ultra |
|Monster Zero Ultra 12oz|
Monster Zero Ultra 12oz

 :  : Monster Ultra Ruby  Red 12oz
['Monster', 'Ultra', 'Ruby', '', 'Red', '12oz']
|Monster |
|Monster Ultra |
|Monster Ultra Ruby |
|Monster Ultra Ruby Red |
|Monster Ultra Ruby Red 
12oz|
Monster Ultra Ruby Red 
12oz

 :  : Monster Ultra  Sunrise 12oz
['Monster', 'Ultra', '', 'Sunrise', '12oz']
|Monster |
|Monster Ultra |
|Monster Ultra Sunrise |
|Monster Ultra Sunrise 
12oz|
Monster Ultra Sunrise 
12oz

 :  : Monster Ultra  Strawberry 12oz
['Monster', 'Ultra', '', 'Strawberry', '12oz']
|Monster |
|Monster Ultra |
|Monster Ultra Strawberry |
|Monster Ultra Strawberry 
12oz|
Monster Ultra Strawberry 
12oz

 :  : Monster Zero Ultra  16oz
['Monster', 'Zero', 'Ultra', '', '16oz']
|Monster |
|Monster Zero |
|Monster Zero Ultra |
|Monster Zero Ultra 16oz|
Monster Zero Ultra 16oz

 :  : Monster Ultra Ruby  Red 16oz
['Monster', 'Ultra', 'Ruby', '', 'Red', '16oz']
|Monster |
|Monster Ultra |
|Monster Ultra Ruby |
|Monster Ultra Ruby Red |
|Monster Ultra Ruby Red 
16oz|
Monster Ultra Ruby Red 
16oz

 :  : Monster Ultra  Sunrise 16oz
['Monster', 'Ultra', '', 'Sunrise', '16oz']
|Monster |
|Monster Ultra |
|Monster Ultra Sunrise |
|Monster Ultra Sunrise 
16oz|
Monster Ultra Sunrise 
16oz

 :  : Monster Ultra  Peachy Keen 16oz
['Monster', 'Ultra', '', 'Peachy', 'Keen', '16oz']
|Monster |
|Monster Ultra |
|Monster Ultra Peachy |
|Monster Ultra Peachy 
Keen |
|Monster Ultra Peachy 
Keen 16oz|
Monster Ultra Peachy 
Keen 16oz

 :  : Monster Ultra  Violet 16oz
['Monster', 'Ultra', '', 'Violet', '16oz']
|Monster |
|Monster Ultra |
|Monster Ultra Violet |
|Monster Ultra Violet 
16oz|
Monster Ultra Violet 
16oz

 :  : Monster Ultra  Paradise 16oz
['Monster', 'Ultra', '', 'Paradise', '16oz']
|Monster |
|Monster Ultra |
|Monster Ultra Paradise |
|Monster Ultra Paradise 
16oz|
Monster Ultra Paradise 
16oz

 :  : Monster Ultra  Watermelon 16oz
['Monster', 'Ultra', '', 'Watermelon', '16oz']
|Monster |
|Monster Ultra |
|Monster Ultra Watermelon |
|Monster Ultra Watermelon 
16oz|
Monster Ultra Watermelon 
16oz

 :  : Monster Ultra  Fiesta Mango 16oz
['Monster', 'Ultra', '', 'Fiesta', 'Mango', '16oz']
|Monster |
|Monster Ultra |
|Monster Ultra Fiesta |
|Monster Ultra Fiesta 
Mango |
|Monster Ultra Fiesta 
Mango 16oz|
Monster Ultra Fiesta 
Mango 16oz

